EN hex_to_7seg NULL /home/lab661/Documents/xjemel06/Digital-electronics-1/Labs/03-segment/hex_to_segment/hex_to_7seg.vhd sub00/vhpl00 1582184353
EN top NULL /home/lab661/Documents/xjemel06/Digital-electronics-1/Labs/03-segment/hex_to_segment/top.vhd sub00/vhpl02 1582184355
AR hex_to_7seg behavioral /home/lab661/Documents/xjemel06/Digital-electronics-1/Labs/03-segment/hex_to_segment/hex_to_7seg.vhd sub00/vhpl01 1582184354
AR top behavioral /home/lab661/Documents/xjemel06/Digital-electronics-1/Labs/03-segment/hex_to_segment/top.vhd sub00/vhpl03 1582184356
