V3 7
FL /home/lab661/Documents/xjemel06/Digital-electronics-1/Labs/03-segment/hex_to_segment/hex_to_7seg.vhd 2020/02/19.14:44:27 P.20131013
EN work/hex_to_7seg 1582184353 \
      FL /home/lab661/Documents/xjemel06/Digital-electronics-1/Labs/03-segment/hex_to_segment/hex_to_7seg.vhd \
      PB ieee/std_logic_1164 1381692176
AR work/hex_to_7seg/Behavioral 1582184354 \
      FL /home/lab661/Documents/xjemel06/Digital-electronics-1/Labs/03-segment/hex_to_segment/hex_to_7seg.vhd \
      EN work/hex_to_7seg 1582184353
FL /home/lab661/Documents/xjemel06/Digital-electronics-1/Labs/03-segment/hex_to_segment/top.vhd 2020/02/19.14:28:32 P.20131013
EN work/top 1582184355 \
      FL /home/lab661/Documents/xjemel06/Digital-electronics-1/Labs/03-segment/hex_to_segment/top.vhd \
      PB ieee/std_logic_1164 1381692176
AR work/top/Behavioral 1582184356 \
      FL /home/lab661/Documents/xjemel06/Digital-electronics-1/Labs/03-segment/hex_to_segment/top.vhd \
      EN work/top 1582184355 CP work/hex_to_7seg
